current directory: /Users/nr462/Desktop/academic-website-template/vendor/bundle/ruby/4.0.0/gems/date-3.5.1/ext/date
/opt/homebrew/opt/ruby/bin/ruby extconf.rb
checking for rb_category_warn()... yes
checking for timezone in time.h with -Werror... yes
checking for altzone in time.h with -Werror... no
creating Makefile

current directory: /Users/nr462/Desktop/academic-website-template/vendor/bundle/ruby/4.0.0/gems/date-3.5.1/ext/date
make -j11 DESTDIR\= sitearchdir\=./.gem.20260514-53050-kevwpt sitelibdir\=./.gem.20260514-53050-kevwpt clean

current directory: /Users/nr462/Desktop/academic-website-template/vendor/bundle/ruby/4.0.0/gems/date-3.5.1/ext/date
make -j11 DESTDIR\= sitearchdir\=./.gem.20260514-53050-kevwpt sitelibdir\=./.gem.20260514-53050-kevwpt
compiling date_core.c
compiling date_parse.c
compiling date_strftime.c
compiling date_strptime.c
linking shared-object date_core.bundle

current directory: /Users/nr462/Desktop/academic-website-template/vendor/bundle/ruby/4.0.0/gems/date-3.5.1/ext/date
make -j11 DESTDIR\= sitearchdir\=./.gem.20260514-53050-kevwpt sitelibdir\=./.gem.20260514-53050-kevwpt install
/usr/bin/install -c -m 0755 date_core.bundle ./.gem.20260514-53050-kevwpt

current directory: /Users/nr462/Desktop/academic-website-template/vendor/bundle/ruby/4.0.0/gems/date-3.5.1/ext/date
make DESTDIR\= sitearchdir\=./.gem.20260514-53050-kevwpt sitelibdir\=./.gem.20260514-53050-kevwpt clean
